// Jest Snapshot v1, https://goo.gl/fbAQLP

exports[`ranged feature helpers aspect-ratio range queries aboveAspectRatio() returns the correct query for breakpoint 'large' 1`] = `(min-aspect-ratio: 3/2)`;

exports[`ranged feature helpers aspect-ratio range queries aboveAspectRatio() returns the correct query for breakpoint 'medium' 1`] = `(min-aspect-ratio: 1/1)`;

exports[`ranged feature helpers aspect-ratio range queries aboveAspectRatio() returns the correct query for breakpoint 'small' 1`] = `(min-aspect-ratio: 2/3)`;

exports[`ranged feature helpers aspect-ratio range queries aboveAspectRatio() returns the correct query for breakpoint 'xLarge' 1`] = `(min-aspect-ratio: 16/9)`;

exports[`ranged feature helpers aspect-ratio range queries atAspectRatio() returns the correct query for breakpoint 'large' 1`] = `(aspect-ratio: 3/2)`;

exports[`ranged feature helpers aspect-ratio range queries atAspectRatio() returns the correct query for breakpoint 'medium' 1`] = `(aspect-ratio: 1/1)`;

exports[`ranged feature helpers aspect-ratio range queries atAspectRatio() returns the correct query for breakpoint 'small' 1`] = `(aspect-ratio: 2/3)`;

exports[`ranged feature helpers aspect-ratio range queries atAspectRatio() returns the correct query for breakpoint 'xLarge' 1`] = `(aspect-ratio: 16/9)`;

exports[`ranged feature helpers aspect-ratio range queries atAspectRatioBreakpoint() returns the correct query for breakpoint 'large' 1`] = `(min-aspect-ratio: 3/2) and (max-aspect-ratio: 16/9)`;

exports[`ranged feature helpers aspect-ratio range queries atAspectRatioBreakpoint() returns the correct query for breakpoint 'medium' 1`] = `(min-aspect-ratio: 1/1) and (max-aspect-ratio: 3/2)`;

exports[`ranged feature helpers aspect-ratio range queries atAspectRatioBreakpoint() returns the correct query for breakpoint 'small' 1`] = `(min-aspect-ratio: 2/3) and (max-aspect-ratio: 1/1)`;

exports[`ranged feature helpers aspect-ratio range queries atAspectRatioBreakpoint() returns the correct query for breakpoint 'xLarge' 1`] = `(min-aspect-ratio: 16/9)`;

exports[`ranged feature helpers aspect-ratio range queries belowAspectRatio() returns the correct query for breakpoint 'large' 1`] = `(max-aspect-ratio: 3/2)`;

exports[`ranged feature helpers aspect-ratio range queries belowAspectRatio() returns the correct query for breakpoint 'medium' 1`] = `(max-aspect-ratio: 1/1)`;

exports[`ranged feature helpers aspect-ratio range queries belowAspectRatio() returns the correct query for breakpoint 'small' 1`] = `(max-aspect-ratio: 2/3)`;

exports[`ranged feature helpers aspect-ratio range queries belowAspectRatio() returns the correct query for breakpoint 'xLarge' 1`] = `(max-aspect-ratio: 16/9)`;

exports[`ranged feature helpers aspect-ratio range queries betweenAspectRatios() returns the correct query for breakpoints 'large' and 'medium' 1`] = `(min-aspect-ratio: 1/1) and (max-aspect-ratio: 3/2)`;

exports[`ranged feature helpers aspect-ratio range queries betweenAspectRatios() returns the correct query for breakpoints 'large' and 'small' 1`] = `(min-aspect-ratio: 2/3) and (max-aspect-ratio: 3/2)`;

exports[`ranged feature helpers aspect-ratio range queries betweenAspectRatios() returns the correct query for breakpoints 'large' and 'xLarge' 1`] = `(min-aspect-ratio: 3/2) and (max-aspect-ratio: 16/9)`;

exports[`ranged feature helpers aspect-ratio range queries betweenAspectRatios() returns the correct query for breakpoints 'medium' and 'large' 1`] = `(min-aspect-ratio: 1/1) and (max-aspect-ratio: 3/2)`;

exports[`ranged feature helpers aspect-ratio range queries betweenAspectRatios() returns the correct query for breakpoints 'medium' and 'small' 1`] = `(min-aspect-ratio: 2/3) and (max-aspect-ratio: 1/1)`;

exports[`ranged feature helpers aspect-ratio range queries betweenAspectRatios() returns the correct query for breakpoints 'medium' and 'xLarge' 1`] = `(min-aspect-ratio: 1/1) and (max-aspect-ratio: 16/9)`;

exports[`ranged feature helpers aspect-ratio range queries betweenAspectRatios() returns the correct query for breakpoints 'small' and 'large' 1`] = `(min-aspect-ratio: 2/3) and (max-aspect-ratio: 3/2)`;

exports[`ranged feature helpers aspect-ratio range queries betweenAspectRatios() returns the correct query for breakpoints 'small' and 'medium' 1`] = `(min-aspect-ratio: 2/3) and (max-aspect-ratio: 1/1)`;

exports[`ranged feature helpers aspect-ratio range queries betweenAspectRatios() returns the correct query for breakpoints 'small' and 'xLarge' 1`] = `(min-aspect-ratio: 2/3) and (max-aspect-ratio: 16/9)`;

exports[`ranged feature helpers aspect-ratio range queries betweenAspectRatios() returns the correct query for breakpoints 'xLarge' and 'large' 1`] = `(min-aspect-ratio: 3/2) and (max-aspect-ratio: 16/9)`;

exports[`ranged feature helpers aspect-ratio range queries betweenAspectRatios() returns the correct query for breakpoints 'xLarge' and 'medium' 1`] = `(min-aspect-ratio: 1/1) and (max-aspect-ratio: 16/9)`;

exports[`ranged feature helpers aspect-ratio range queries betweenAspectRatios() returns the correct query for breakpoints 'xLarge' and 'small' 1`] = `(min-aspect-ratio: 2/3) and (max-aspect-ratio: 16/9)`;

exports[`ranged feature helpers color range queries aboveColor() returns the correct query for breakpoint 'large' 1`] = `(min-color: 5)`;

exports[`ranged feature helpers color range queries aboveColor() returns the correct query for breakpoint 'medium' 1`] = `(min-color: 4)`;

exports[`ranged feature helpers color range queries aboveColor() returns the correct query for breakpoint 'small' 1`] = `(min-color: 1)`;

exports[`ranged feature helpers color range queries aboveColor() returns the correct query for breakpoint 'xLarge' 1`] = `(min-color: 6)`;

exports[`ranged feature helpers color range queries atColor() returns the correct query for breakpoint 'large' 1`] = `(color: 5)`;

exports[`ranged feature helpers color range queries atColor() returns the correct query for breakpoint 'medium' 1`] = `(color: 4)`;

exports[`ranged feature helpers color range queries atColor() returns the correct query for breakpoint 'small' 1`] = `(color: 1)`;

exports[`ranged feature helpers color range queries atColor() returns the correct query for breakpoint 'xLarge' 1`] = `(color: 6)`;

exports[`ranged feature helpers color range queries atColorBreakpoint() returns the correct query for breakpoint 'large' 1`] = `(min-color: 5) and (max-color: 6)`;

exports[`ranged feature helpers color range queries atColorBreakpoint() returns the correct query for breakpoint 'medium' 1`] = `(min-color: 4) and (max-color: 5)`;

exports[`ranged feature helpers color range queries atColorBreakpoint() returns the correct query for breakpoint 'small' 1`] = `(min-color: 1) and (max-color: 4)`;

exports[`ranged feature helpers color range queries atColorBreakpoint() returns the correct query for breakpoint 'xLarge' 1`] = `(min-color: 6)`;

exports[`ranged feature helpers color range queries belowColor() returns the correct query for breakpoint 'large' 1`] = `(max-color: 5)`;

exports[`ranged feature helpers color range queries belowColor() returns the correct query for breakpoint 'medium' 1`] = `(max-color: 4)`;

exports[`ranged feature helpers color range queries belowColor() returns the correct query for breakpoint 'small' 1`] = `(max-color: 1)`;

exports[`ranged feature helpers color range queries belowColor() returns the correct query for breakpoint 'xLarge' 1`] = `(max-color: 6)`;

exports[`ranged feature helpers color range queries betweenColors() returns the correct query for breakpoints 'large' and 'medium' 1`] = `(min-color: 4) and (max-color: 5)`;

exports[`ranged feature helpers color range queries betweenColors() returns the correct query for breakpoints 'large' and 'small' 1`] = `(min-color: 1) and (max-color: 5)`;

exports[`ranged feature helpers color range queries betweenColors() returns the correct query for breakpoints 'large' and 'xLarge' 1`] = `(min-color: 5) and (max-color: 6)`;

exports[`ranged feature helpers color range queries betweenColors() returns the correct query for breakpoints 'medium' and 'large' 1`] = `(min-color: 4) and (max-color: 5)`;

exports[`ranged feature helpers color range queries betweenColors() returns the correct query for breakpoints 'medium' and 'small' 1`] = `(min-color: 1) and (max-color: 4)`;

exports[`ranged feature helpers color range queries betweenColors() returns the correct query for breakpoints 'medium' and 'xLarge' 1`] = `(min-color: 4) and (max-color: 6)`;

exports[`ranged feature helpers color range queries betweenColors() returns the correct query for breakpoints 'small' and 'large' 1`] = `(min-color: 1) and (max-color: 5)`;

exports[`ranged feature helpers color range queries betweenColors() returns the correct query for breakpoints 'small' and 'medium' 1`] = `(min-color: 1) and (max-color: 4)`;

exports[`ranged feature helpers color range queries betweenColors() returns the correct query for breakpoints 'small' and 'xLarge' 1`] = `(min-color: 1) and (max-color: 6)`;

exports[`ranged feature helpers color range queries betweenColors() returns the correct query for breakpoints 'xLarge' and 'large' 1`] = `(min-color: 5) and (max-color: 6)`;

exports[`ranged feature helpers color range queries betweenColors() returns the correct query for breakpoints 'xLarge' and 'medium' 1`] = `(min-color: 4) and (max-color: 6)`;

exports[`ranged feature helpers color range queries betweenColors() returns the correct query for breakpoints 'xLarge' and 'small' 1`] = `(min-color: 1) and (max-color: 6)`;

exports[`ranged feature helpers color-index range queries aboveColorIndex() returns the correct query for breakpoint 'large' 1`] = `(min-color-index: 5)`;

exports[`ranged feature helpers color-index range queries aboveColorIndex() returns the correct query for breakpoint 'medium' 1`] = `(min-color-index: 4)`;

exports[`ranged feature helpers color-index range queries aboveColorIndex() returns the correct query for breakpoint 'small' 1`] = `(min-color-index: 1)`;

exports[`ranged feature helpers color-index range queries aboveColorIndex() returns the correct query for breakpoint 'xLarge' 1`] = `(min-color-index: 6)`;

exports[`ranged feature helpers color-index range queries atColorIndex() returns the correct query for breakpoint 'large' 1`] = `(color-index: 5)`;

exports[`ranged feature helpers color-index range queries atColorIndex() returns the correct query for breakpoint 'medium' 1`] = `(color-index: 4)`;

exports[`ranged feature helpers color-index range queries atColorIndex() returns the correct query for breakpoint 'small' 1`] = `(color-index: 1)`;

exports[`ranged feature helpers color-index range queries atColorIndex() returns the correct query for breakpoint 'xLarge' 1`] = `(color-index: 6)`;

exports[`ranged feature helpers color-index range queries atColorIndexBreakpoint() returns the correct query for breakpoint 'large' 1`] = `(min-color-index: 5) and (max-color-index: 6)`;

exports[`ranged feature helpers color-index range queries atColorIndexBreakpoint() returns the correct query for breakpoint 'medium' 1`] = `(min-color-index: 4) and (max-color-index: 5)`;

exports[`ranged feature helpers color-index range queries atColorIndexBreakpoint() returns the correct query for breakpoint 'small' 1`] = `(min-color-index: 1) and (max-color-index: 4)`;

exports[`ranged feature helpers color-index range queries atColorIndexBreakpoint() returns the correct query for breakpoint 'xLarge' 1`] = `(min-color-index: 6)`;

exports[`ranged feature helpers color-index range queries belowColorIndex() returns the correct query for breakpoint 'large' 1`] = `(max-color-index: 5)`;

exports[`ranged feature helpers color-index range queries belowColorIndex() returns the correct query for breakpoint 'medium' 1`] = `(max-color-index: 4)`;

exports[`ranged feature helpers color-index range queries belowColorIndex() returns the correct query for breakpoint 'small' 1`] = `(max-color-index: 1)`;

exports[`ranged feature helpers color-index range queries belowColorIndex() returns the correct query for breakpoint 'xLarge' 1`] = `(max-color-index: 6)`;

exports[`ranged feature helpers color-index range queries betweenColorIndexs() returns the correct query for breakpoints 'large' and 'medium' 1`] = `(min-color-index: 4) and (max-color-index: 5)`;

exports[`ranged feature helpers color-index range queries betweenColorIndexs() returns the correct query for breakpoints 'large' and 'small' 1`] = `(min-color-index: 1) and (max-color-index: 5)`;

exports[`ranged feature helpers color-index range queries betweenColorIndexs() returns the correct query for breakpoints 'large' and 'xLarge' 1`] = `(min-color-index: 5) and (max-color-index: 6)`;

exports[`ranged feature helpers color-index range queries betweenColorIndexs() returns the correct query for breakpoints 'medium' and 'large' 1`] = `(min-color-index: 4) and (max-color-index: 5)`;

exports[`ranged feature helpers color-index range queries betweenColorIndexs() returns the correct query for breakpoints 'medium' and 'small' 1`] = `(min-color-index: 1) and (max-color-index: 4)`;

exports[`ranged feature helpers color-index range queries betweenColorIndexs() returns the correct query for breakpoints 'medium' and 'xLarge' 1`] = `(min-color-index: 4) and (max-color-index: 6)`;

exports[`ranged feature helpers color-index range queries betweenColorIndexs() returns the correct query for breakpoints 'small' and 'large' 1`] = `(min-color-index: 1) and (max-color-index: 5)`;

exports[`ranged feature helpers color-index range queries betweenColorIndexs() returns the correct query for breakpoints 'small' and 'medium' 1`] = `(min-color-index: 1) and (max-color-index: 4)`;

exports[`ranged feature helpers color-index range queries betweenColorIndexs() returns the correct query for breakpoints 'small' and 'xLarge' 1`] = `(min-color-index: 1) and (max-color-index: 6)`;

exports[`ranged feature helpers color-index range queries betweenColorIndexs() returns the correct query for breakpoints 'xLarge' and 'large' 1`] = `(min-color-index: 5) and (max-color-index: 6)`;

exports[`ranged feature helpers color-index range queries betweenColorIndexs() returns the correct query for breakpoints 'xLarge' and 'medium' 1`] = `(min-color-index: 4) and (max-color-index: 6)`;

exports[`ranged feature helpers color-index range queries betweenColorIndexs() returns the correct query for breakpoints 'xLarge' and 'small' 1`] = `(min-color-index: 1) and (max-color-index: 6)`;

exports[`ranged feature helpers height range queries aboveHeight() returns the correct query for breakpoint 'large' 1`] = `(min-height: 68.75em)`;

exports[`ranged feature helpers height range queries aboveHeight() returns the correct query for breakpoint 'medium' 1`] = `(min-height: 56.25em)`;

exports[`ranged feature helpers height range queries aboveHeight() returns the correct query for breakpoint 'small' 1`] = `(min-height: 25em)`;

exports[`ranged feature helpers height range queries aboveHeight() returns the correct query for breakpoint 'xLarge' 1`] = `(min-height: 81.25em)`;

exports[`ranged feature helpers height range queries atHeight() returns the correct query for breakpoint 'large' 1`] = `(height: 68.75em)`;

exports[`ranged feature helpers height range queries atHeight() returns the correct query for breakpoint 'medium' 1`] = `(height: 56.25em)`;

exports[`ranged feature helpers height range queries atHeight() returns the correct query for breakpoint 'small' 1`] = `(height: 25em)`;

exports[`ranged feature helpers height range queries atHeight() returns the correct query for breakpoint 'xLarge' 1`] = `(height: 81.25em)`;

exports[`ranged feature helpers height range queries atHeightBreakpoint() returns the correct query for breakpoint 'large' 1`] = `(min-height: 68.75em) and (max-height: 81.249375em)`;

exports[`ranged feature helpers height range queries atHeightBreakpoint() returns the correct query for breakpoint 'medium' 1`] = `(min-height: 56.25em) and (max-height: 68.749375em)`;

exports[`ranged feature helpers height range queries atHeightBreakpoint() returns the correct query for breakpoint 'small' 1`] = `(min-height: 25em) and (max-height: 56.249375em)`;

exports[`ranged feature helpers height range queries atHeightBreakpoint() returns the correct query for breakpoint 'xLarge' 1`] = `(min-height: 81.25em)`;

exports[`ranged feature helpers height range queries belowHeight() returns the correct query for breakpoint 'large' 1`] = `(max-height: 68.749375em)`;

exports[`ranged feature helpers height range queries belowHeight() returns the correct query for breakpoint 'medium' 1`] = `(max-height: 56.249375em)`;

exports[`ranged feature helpers height range queries belowHeight() returns the correct query for breakpoint 'small' 1`] = `(max-height: 24.999375em)`;

exports[`ranged feature helpers height range queries belowHeight() returns the correct query for breakpoint 'xLarge' 1`] = `(max-height: 81.249375em)`;

exports[`ranged feature helpers height range queries betweenHeights() returns the correct query for breakpoints 'large' and 'medium' 1`] = `(min-height: 56.25em) and (max-height: 68.749375em)`;

exports[`ranged feature helpers height range queries betweenHeights() returns the correct query for breakpoints 'large' and 'small' 1`] = `(min-height: 25em) and (max-height: 68.749375em)`;

exports[`ranged feature helpers height range queries betweenHeights() returns the correct query for breakpoints 'large' and 'xLarge' 1`] = `(min-height: 68.75em) and (max-height: 81.249375em)`;

exports[`ranged feature helpers height range queries betweenHeights() returns the correct query for breakpoints 'medium' and 'large' 1`] = `(min-height: 56.25em) and (max-height: 68.749375em)`;

exports[`ranged feature helpers height range queries betweenHeights() returns the correct query for breakpoints 'medium' and 'small' 1`] = `(min-height: 25em) and (max-height: 56.249375em)`;

exports[`ranged feature helpers height range queries betweenHeights() returns the correct query for breakpoints 'medium' and 'xLarge' 1`] = `(min-height: 56.25em) and (max-height: 81.249375em)`;

exports[`ranged feature helpers height range queries betweenHeights() returns the correct query for breakpoints 'small' and 'large' 1`] = `(min-height: 25em) and (max-height: 68.749375em)`;

exports[`ranged feature helpers height range queries betweenHeights() returns the correct query for breakpoints 'small' and 'medium' 1`] = `(min-height: 25em) and (max-height: 56.249375em)`;

exports[`ranged feature helpers height range queries betweenHeights() returns the correct query for breakpoints 'small' and 'xLarge' 1`] = `(min-height: 25em) and (max-height: 81.249375em)`;

exports[`ranged feature helpers height range queries betweenHeights() returns the correct query for breakpoints 'xLarge' and 'large' 1`] = `(min-height: 68.75em) and (max-height: 81.249375em)`;

exports[`ranged feature helpers height range queries betweenHeights() returns the correct query for breakpoints 'xLarge' and 'medium' 1`] = `(min-height: 56.25em) and (max-height: 81.249375em)`;

exports[`ranged feature helpers height range queries betweenHeights() returns the correct query for breakpoints 'xLarge' and 'small' 1`] = `(min-height: 25em) and (max-height: 81.249375em)`;

exports[`ranged feature helpers monochrome range queries aboveMonochrome() returns the correct query for breakpoint 'large' 1`] = `(min-monochrome: 8)`;

exports[`ranged feature helpers monochrome range queries aboveMonochrome() returns the correct query for breakpoint 'medium' 1`] = `(min-monochrome: 4)`;

exports[`ranged feature helpers monochrome range queries aboveMonochrome() returns the correct query for breakpoint 'small' 1`] = `(min-monochrome: 0)`;

exports[`ranged feature helpers monochrome range queries aboveMonochrome() returns the correct query for breakpoint 'xLarge' 1`] = `(min-monochrome: 16)`;

exports[`ranged feature helpers monochrome range queries atMonochrome() returns the correct query for breakpoint 'large' 1`] = `(monochrome: 8)`;

exports[`ranged feature helpers monochrome range queries atMonochrome() returns the correct query for breakpoint 'medium' 1`] = `(monochrome: 4)`;

exports[`ranged feature helpers monochrome range queries atMonochrome() returns the correct query for breakpoint 'small' 1`] = `(monochrome: 0)`;

exports[`ranged feature helpers monochrome range queries atMonochrome() returns the correct query for breakpoint 'xLarge' 1`] = `(monochrome: 16)`;

exports[`ranged feature helpers monochrome range queries atMonochromeBreakpoint() returns the correct query for breakpoint 'large' 1`] = `(min-monochrome: 8) and (max-monochrome: 16)`;

exports[`ranged feature helpers monochrome range queries atMonochromeBreakpoint() returns the correct query for breakpoint 'medium' 1`] = `(min-monochrome: 4) and (max-monochrome: 8)`;

exports[`ranged feature helpers monochrome range queries atMonochromeBreakpoint() returns the correct query for breakpoint 'small' 1`] = `(min-monochrome: 0) and (max-monochrome: 4)`;

exports[`ranged feature helpers monochrome range queries atMonochromeBreakpoint() returns the correct query for breakpoint 'xLarge' 1`] = `(min-monochrome: 16)`;

exports[`ranged feature helpers monochrome range queries belowMonochrome() returns the correct query for breakpoint 'large' 1`] = `(max-monochrome: 8)`;

exports[`ranged feature helpers monochrome range queries belowMonochrome() returns the correct query for breakpoint 'medium' 1`] = `(max-monochrome: 4)`;

exports[`ranged feature helpers monochrome range queries belowMonochrome() returns the correct query for breakpoint 'small' 1`] = `(max-monochrome: 0)`;

exports[`ranged feature helpers monochrome range queries belowMonochrome() returns the correct query for breakpoint 'xLarge' 1`] = `(max-monochrome: 16)`;

exports[`ranged feature helpers monochrome range queries betweenMonochromes() returns the correct query for breakpoints 'large' and 'medium' 1`] = `(min-monochrome: 4) and (max-monochrome: 8)`;

exports[`ranged feature helpers monochrome range queries betweenMonochromes() returns the correct query for breakpoints 'large' and 'small' 1`] = `(min-monochrome: 0) and (max-monochrome: 8)`;

exports[`ranged feature helpers monochrome range queries betweenMonochromes() returns the correct query for breakpoints 'large' and 'xLarge' 1`] = `(min-monochrome: 8) and (max-monochrome: 16)`;

exports[`ranged feature helpers monochrome range queries betweenMonochromes() returns the correct query for breakpoints 'medium' and 'large' 1`] = `(min-monochrome: 4) and (max-monochrome: 8)`;

exports[`ranged feature helpers monochrome range queries betweenMonochromes() returns the correct query for breakpoints 'medium' and 'small' 1`] = `(min-monochrome: 0) and (max-monochrome: 4)`;

exports[`ranged feature helpers monochrome range queries betweenMonochromes() returns the correct query for breakpoints 'medium' and 'xLarge' 1`] = `(min-monochrome: 4) and (max-monochrome: 16)`;

exports[`ranged feature helpers monochrome range queries betweenMonochromes() returns the correct query for breakpoints 'small' and 'large' 1`] = `(min-monochrome: 0) and (max-monochrome: 8)`;

exports[`ranged feature helpers monochrome range queries betweenMonochromes() returns the correct query for breakpoints 'small' and 'medium' 1`] = `(min-monochrome: 0) and (max-monochrome: 4)`;

exports[`ranged feature helpers monochrome range queries betweenMonochromes() returns the correct query for breakpoints 'small' and 'xLarge' 1`] = `(min-monochrome: 0) and (max-monochrome: 16)`;

exports[`ranged feature helpers monochrome range queries betweenMonochromes() returns the correct query for breakpoints 'xLarge' and 'large' 1`] = `(min-monochrome: 8) and (max-monochrome: 16)`;

exports[`ranged feature helpers monochrome range queries betweenMonochromes() returns the correct query for breakpoints 'xLarge' and 'medium' 1`] = `(min-monochrome: 4) and (max-monochrome: 16)`;

exports[`ranged feature helpers monochrome range queries betweenMonochromes() returns the correct query for breakpoints 'xLarge' and 'small' 1`] = `(min-monochrome: 0) and (max-monochrome: 16)`;

exports[`ranged feature helpers resolution range queries aboveResolution() returns the correct query for breakpoint 'large' 1`] = `(min-resolution: 300dpi)`;

exports[`ranged feature helpers resolution range queries aboveResolution() returns the correct query for breakpoint 'medium' 1`] = `(min-resolution: 150dpi)`;

exports[`ranged feature helpers resolution range queries aboveResolution() returns the correct query for breakpoint 'small' 1`] = `(min-resolution: 72dpi)`;

exports[`ranged feature helpers resolution range queries aboveResolution() returns the correct query for breakpoint 'xLarge' 1`] = `(min-resolution: 600dpi)`;

exports[`ranged feature helpers resolution range queries atResolution() returns the correct query for breakpoint 'large' 1`] = `(resolution: 300dpi)`;

exports[`ranged feature helpers resolution range queries atResolution() returns the correct query for breakpoint 'medium' 1`] = `(resolution: 150dpi)`;

exports[`ranged feature helpers resolution range queries atResolution() returns the correct query for breakpoint 'small' 1`] = `(resolution: 72dpi)`;

exports[`ranged feature helpers resolution range queries atResolution() returns the correct query for breakpoint 'xLarge' 1`] = `(resolution: 600dpi)`;

exports[`ranged feature helpers resolution range queries atResolutionBreakpoint() returns the correct query for breakpoint 'large' 1`] = `(min-resolution: 300dpi) and (max-resolution: 599dpi)`;

exports[`ranged feature helpers resolution range queries atResolutionBreakpoint() returns the correct query for breakpoint 'medium' 1`] = `(min-resolution: 150dpi) and (max-resolution: 299dpi)`;

exports[`ranged feature helpers resolution range queries atResolutionBreakpoint() returns the correct query for breakpoint 'small' 1`] = `(min-resolution: 72dpi) and (max-resolution: 149dpi)`;

exports[`ranged feature helpers resolution range queries atResolutionBreakpoint() returns the correct query for breakpoint 'xLarge' 1`] = `(min-resolution: 600dpi)`;

exports[`ranged feature helpers resolution range queries belowResolution() returns the correct query for breakpoint 'large' 1`] = `(max-resolution: 299dpi)`;

exports[`ranged feature helpers resolution range queries belowResolution() returns the correct query for breakpoint 'medium' 1`] = `(max-resolution: 149dpi)`;

exports[`ranged feature helpers resolution range queries belowResolution() returns the correct query for breakpoint 'small' 1`] = `(max-resolution: 71dpi)`;

exports[`ranged feature helpers resolution range queries belowResolution() returns the correct query for breakpoint 'xLarge' 1`] = `(max-resolution: 599dpi)`;

exports[`ranged feature helpers resolution range queries betweenResolutions() returns the correct query for breakpoints 'large' and 'medium' 1`] = `(min-resolution: 150dpi) and (max-resolution: 299dpi)`;

exports[`ranged feature helpers resolution range queries betweenResolutions() returns the correct query for breakpoints 'large' and 'small' 1`] = `(min-resolution: 72dpi) and (max-resolution: 299dpi)`;

exports[`ranged feature helpers resolution range queries betweenResolutions() returns the correct query for breakpoints 'large' and 'xLarge' 1`] = `(min-resolution: 300dpi) and (max-resolution: 599dpi)`;

exports[`ranged feature helpers resolution range queries betweenResolutions() returns the correct query for breakpoints 'medium' and 'large' 1`] = `(min-resolution: 150dpi) and (max-resolution: 299dpi)`;

exports[`ranged feature helpers resolution range queries betweenResolutions() returns the correct query for breakpoints 'medium' and 'small' 1`] = `(min-resolution: 72dpi) and (max-resolution: 149dpi)`;

exports[`ranged feature helpers resolution range queries betweenResolutions() returns the correct query for breakpoints 'medium' and 'xLarge' 1`] = `(min-resolution: 150dpi) and (max-resolution: 599dpi)`;

exports[`ranged feature helpers resolution range queries betweenResolutions() returns the correct query for breakpoints 'small' and 'large' 1`] = `(min-resolution: 72dpi) and (max-resolution: 299dpi)`;

exports[`ranged feature helpers resolution range queries betweenResolutions() returns the correct query for breakpoints 'small' and 'medium' 1`] = `(min-resolution: 72dpi) and (max-resolution: 149dpi)`;

exports[`ranged feature helpers resolution range queries betweenResolutions() returns the correct query for breakpoints 'small' and 'xLarge' 1`] = `(min-resolution: 72dpi) and (max-resolution: 599dpi)`;

exports[`ranged feature helpers resolution range queries betweenResolutions() returns the correct query for breakpoints 'xLarge' and 'large' 1`] = `(min-resolution: 300dpi) and (max-resolution: 599dpi)`;

exports[`ranged feature helpers resolution range queries betweenResolutions() returns the correct query for breakpoints 'xLarge' and 'medium' 1`] = `(min-resolution: 150dpi) and (max-resolution: 599dpi)`;

exports[`ranged feature helpers resolution range queries betweenResolutions() returns the correct query for breakpoints 'xLarge' and 'small' 1`] = `(min-resolution: 72dpi) and (max-resolution: 599dpi)`;

exports[`ranged feature helpers width range queries aboveWidth() returns the correct query for breakpoint 'large' 1`] = `(min-width: 68.75em)`;

exports[`ranged feature helpers width range queries aboveWidth() returns the correct query for breakpoint 'medium' 1`] = `(min-width: 56.25em)`;

exports[`ranged feature helpers width range queries aboveWidth() returns the correct query for breakpoint 'small' 1`] = `(min-width: 25em)`;

exports[`ranged feature helpers width range queries aboveWidth() returns the correct query for breakpoint 'xLarge' 1`] = `(min-width: 81.25em)`;

exports[`ranged feature helpers width range queries atWidth() returns the correct query for breakpoint 'large' 1`] = `(width: 68.75em)`;

exports[`ranged feature helpers width range queries atWidth() returns the correct query for breakpoint 'medium' 1`] = `(width: 56.25em)`;

exports[`ranged feature helpers width range queries atWidth() returns the correct query for breakpoint 'small' 1`] = `(width: 25em)`;

exports[`ranged feature helpers width range queries atWidth() returns the correct query for breakpoint 'xLarge' 1`] = `(width: 81.25em)`;

exports[`ranged feature helpers width range queries atWidthBreakpoint() returns the correct query for breakpoint 'large' 1`] = `(min-width: 68.75em) and (max-width: 81.249375em)`;

exports[`ranged feature helpers width range queries atWidthBreakpoint() returns the correct query for breakpoint 'medium' 1`] = `(min-width: 56.25em) and (max-width: 68.749375em)`;

exports[`ranged feature helpers width range queries atWidthBreakpoint() returns the correct query for breakpoint 'small' 1`] = `(min-width: 25em) and (max-width: 56.249375em)`;

exports[`ranged feature helpers width range queries atWidthBreakpoint() returns the correct query for breakpoint 'xLarge' 1`] = `(min-width: 81.25em)`;

exports[`ranged feature helpers width range queries belowWidth() returns the correct query for breakpoint 'large' 1`] = `(max-width: 68.749375em)`;

exports[`ranged feature helpers width range queries belowWidth() returns the correct query for breakpoint 'medium' 1`] = `(max-width: 56.249375em)`;

exports[`ranged feature helpers width range queries belowWidth() returns the correct query for breakpoint 'small' 1`] = `(max-width: 24.999375em)`;

exports[`ranged feature helpers width range queries belowWidth() returns the correct query for breakpoint 'xLarge' 1`] = `(max-width: 81.249375em)`;

exports[`ranged feature helpers width range queries betweenWidths() returns the correct query for breakpoints 'large' and 'medium' 1`] = `(min-width: 56.25em) and (max-width: 68.749375em)`;

exports[`ranged feature helpers width range queries betweenWidths() returns the correct query for breakpoints 'large' and 'small' 1`] = `(min-width: 25em) and (max-width: 68.749375em)`;

exports[`ranged feature helpers width range queries betweenWidths() returns the correct query for breakpoints 'large' and 'xLarge' 1`] = `(min-width: 68.75em) and (max-width: 81.249375em)`;

exports[`ranged feature helpers width range queries betweenWidths() returns the correct query for breakpoints 'medium' and 'large' 1`] = `(min-width: 56.25em) and (max-width: 68.749375em)`;

exports[`ranged feature helpers width range queries betweenWidths() returns the correct query for breakpoints 'medium' and 'small' 1`] = `(min-width: 25em) and (max-width: 56.249375em)`;

exports[`ranged feature helpers width range queries betweenWidths() returns the correct query for breakpoints 'medium' and 'xLarge' 1`] = `(min-width: 56.25em) and (max-width: 81.249375em)`;

exports[`ranged feature helpers width range queries betweenWidths() returns the correct query for breakpoints 'small' and 'large' 1`] = `(min-width: 25em) and (max-width: 68.749375em)`;

exports[`ranged feature helpers width range queries betweenWidths() returns the correct query for breakpoints 'small' and 'medium' 1`] = `(min-width: 25em) and (max-width: 56.249375em)`;

exports[`ranged feature helpers width range queries betweenWidths() returns the correct query for breakpoints 'small' and 'xLarge' 1`] = `(min-width: 25em) and (max-width: 81.249375em)`;

exports[`ranged feature helpers width range queries betweenWidths() returns the correct query for breakpoints 'xLarge' and 'large' 1`] = `(min-width: 68.75em) and (max-width: 81.249375em)`;

exports[`ranged feature helpers width range queries betweenWidths() returns the correct query for breakpoints 'xLarge' and 'medium' 1`] = `(min-width: 56.25em) and (max-width: 81.249375em)`;

exports[`ranged feature helpers width range queries betweenWidths() returns the correct query for breakpoints 'xLarge' and 'small' 1`] = `(min-width: 25em) and (max-width: 81.249375em)`;
